boo

